


ARM Macro Assembler    Page 1 


    1 00000000         ;*******************************************************
                       *****************
    2 00000000                 THUMB
    3 00000000                 REQUIRE8
    4 00000000                 PRESERVE8
    5 00000000         ;*******************************************************
                       *****************
    6 00000000         
    7 00000000         
    8 00000000         ;**************************************
    9 00000000         ;     Affectation des bits GPIO  
   10 00000000         ;***************************************
   11 00000000         ; GSLCK..... PA0 
   12 00000000         ; DSPRG..... PA1 
   13 00000000         ; BLANK..... PA2 
   14 00000000         ; XLAT...... PA3
   15 00000000         ; VPRG...... PA4
   16 00000000         ; SCLK...... PA5
   17 00000000         ; SIN1...... PA7
   18 00000000         ;Capteur.....PA8
   19 00000000         
   20 00000000         ;LED.........PB10
   21 00000000         ;****************************************/
   22 00000000         
   23 00000000         
   24 00000000         ;***************CONSTANTES******************************
                       *******************
   25 00000000         
   26 00000000         
   27 00000000 00000008 
                       Nbsecteurs
                               equ              8
   28 00000000 00000003 
                       PuissanceNbSecteur
                               equ              3
   29 00000000         
   30 00000000         
   31 00000000         
   32 00000000         
   33 00000000         
   34 00000000         ;*******************************************************
                       *****************
   35 00000000         ;      IMPORT/EXPORT Système
   36 00000000         ;*******************************************************
                       *****************
   37 00000000         
   38 00000000                 IMPORT           ||Lib$$Request$$armlib|| [CODE,
WEAK]
   39 00000000         
   40 00000000         
   41 00000000         ; IMPORT/EXPORT de procédure           
   42 00000000         
   43 00000000         
   44 00000000         
   45 00000000                 EXPORT           Mire
   46 00000000                 EXPORT           Nbsecteurs
   47 00000000         
   48 00000000         ;*******************************************************
                       ************************



ARM Macro Assembler    Page 2 


   49 00000000         
   50 00000000         
   51 00000000         ;*******************************************************
                       ************************
   52 00000000                 AREA             mesdonnees, data, readonly
   53 00000000         
   54 00000000 FF 00 00 
              FF 00 00 
              FF 00 00 
              FF 00 00 
              FF 00 00 
              FF 00 00 
              FF 00 00 
              FF 00 00 
              FF 00 00 
              FF 00 00 
              FF 00 00 
              FF 00 00 
              FF 00 00 
              FF 00 00 
              FF 00 00 
              FF 00 00 Mire2   DCB              255,0,0, 255,0,0, 255,0,0, 255,
0,0, 255,0,0, 255,0,0, 255,0,0, 255,0,0, 255,0,0, 255,0,0, 255,0,0, 255,0,0, 25
5,0,0, 255,0,0, 255,0,0, 255,0,0
   55 00000030 05 05 05 
              05 05 05 
              05 05 05 
              05 05 05 
              05 05 05 
              05 05 05 
              05 05 05 
              05 05 05 
              05 05 05 
              05 05 05 
              05 05 05 
              05 05 05 
              05 05 05 
              05 05 05 
              05 05 05 
              05 05 05         DCB              5,5,5, 5,5,5, 5,5,5, 5,5,5, 5,5
,5, 5,5,5, 5,5,5, 5,5,5, 5,5,5, 5,5,5, 5,5,5, 5,5,5, 5,5,5, 5,5,5, 5,5,5, 5,5,5
   56 00000060 FF 00 00 
              FF 00 00 
              FF 00 00 
              FF 00 00 
              FF 00 00 
              FF 00 00 
              FF 00 00 
              FF 00 00 
              FF 00 00 
              FF 00 00 
              FF 00 00 
              FF 00 00 
              FF 00 00 
              FF 00 00 
              FF 00 00 
              FF 00 00         DCB              255,0,0, 255,0,0, 255,0,0, 255,
0,0, 255,0,0, 255,0,0, 255,0,0, 255,0,0, 255,0,0, 255,0,0, 255,0,0, 255,0,0, 25
5,0,0, 255,0,0, 255,0,0, 255,0,0



ARM Macro Assembler    Page 3 


   57 00000090 05 05 05 
              05 05 05 
              05 05 05 
              05 05 05 
              05 05 05 
              05 05 05 
              05 05 05 
              05 05 05 
              05 05 05 
              05 05 05 
              05 05 05 
              05 05 05 
              05 05 05 
              05 05 05 
              05 05 05 
              05 05 05         DCB              5,5,5, 5,5,5, 5,5,5, 5,5,5, 5,5
,5, 5,5,5, 5,5,5, 5,5,5, 5,5,5, 5,5,5, 5,5,5, 5,5,5, 5,5,5, 5,5,5, 5,5,5, 5,5,5
   58 000000C0 FF 00 00 
              FF 00 00 
              FF 00 00 
              FF 00 00 
              FF 00 00 
              FF 00 00 
              FF 00 00 
              FF 00 00 
              FF 00 00 
              FF 00 00 
              FF 00 00 
              FF 00 00 
              FF 00 00 
              FF 00 00 
              FF 00 00 
              FF 00 00         DCB              255,0,0, 255,0,0, 255,0,0, 255,
0,0, 255,0,0, 255,0,0, 255,0,0, 255,0,0, 255,0,0, 255,0,0, 255,0,0, 255,0,0, 25
5,0,0, 255,0,0, 255,0,0, 255,0,0
   59 000000F0 05 05 05 
              05 05 05 
              05 05 05 
              05 05 05 
              05 05 05 
              05 05 05 
              05 05 05 
              05 05 05 
              05 05 05 
              05 05 05 
              05 05 05 
              05 05 05 
              05 05 05 
              05 05 05 
              05 05 05 
              05 05 05         DCB              5,5,5, 5,5,5, 5,5,5, 5,5,5, 5,5
,5, 5,5,5, 5,5,5, 5,5,5, 5,5,5, 5,5,5, 5,5,5, 5,5,5, 5,5,5, 5,5,5, 5,5,5, 5,5,5
   60 00000120 FF 00 00 
              FF 00 00 
              FF 00 00 
              FF 00 00 
              FF 00 00 
              FF 00 00 
              FF 00 00 



ARM Macro Assembler    Page 4 


              FF 00 00 
              FF 00 00 
              FF 00 00 
              FF 00 00 
              FF 00 00 
              FF 00 00 
              FF 00 00 
              FF 00 00 
              FF 00 00         DCB              255,0,0, 255,0,0, 255,0,0, 255,
0,0, 255,0,0, 255,0,0, 255,0,0, 255,0,0, 255,0,0, 255,0,0, 255,0,0, 255,0,0, 25
5,0,0, 255,0,0, 255,0,0, 255,0,0
   61 00000150 05 05 05 
              05 05 05 
              05 05 05 
              05 05 05 
              05 05 05 
              05 05 05 
              05 05 05 
              05 05 05 
              05 05 05 
              05 05 05 
              05 05 05 
              05 05 05 
              05 05 05 
              05 05 05 
              05 05 05 
              05 05 05         DCB              5,5,5, 5,5,5, 5,5,5, 5,5,5, 5,5
,5, 5,5,5, 5,5,5, 5,5,5, 5,5,5, 5,5,5, 5,5,5, 5,5,5, 5,5,5, 5,5,5, 5,5,5, 5,5,5
   62 00000180         
   63 00000180         
   64 00000180 FF 00 00 
              FF 00 00 
              FF 00 00 
              FF 00 00 
              FF 00 00 
              FF 00 00 
              FF 00 00 
              FF 00 00 
              FF 00 00 
              FF 00 00 
              FF 00 00 
              FF 00 00 
              FF 00 00 
              FF 00 00 
              FF 00 00 
              FF 00 00 Mire    DCB              255,0,0, 255,0,0, 255,0,0, 255,
0,0, 255,0,0, 255,0,0, 255,0,0, 255,0,0, 255,0,0, 255,0,0, 255,0,0, 255,0,0, 25
5,0,0, 255,0,0, 255,0,0, 255,0,0
   65 000001B0 00 FF 00 
              00 FF 00 
              00 FF 00 
              00 FF 00 
              00 FF 00 
              00 FF 00 
              00 FF 00 
              00 FF 00 
              00 FF 00 
              00 FF 00 
              00 FF 00 



ARM Macro Assembler    Page 5 


              00 FF 00 
              00 FF 00 
              00 FF 00 
              00 FF 00 
              00 FF 00         DCB              0,255,0, 0,255,0, 0,255,0, 0,25
5,0, 0,255,0, 0,255,0, 0,255,0, 0,255,0, 0,255,0, 0,255,0, 0,255,0, 0,255,0, 0,
255,0, 0,255,0, 0,255,0, 0,255,0
   66 000001E0 00 00 FF 
              00 00 FF 
              00 00 FF 
              00 00 FF 
              00 00 FF 
              00 00 FF 
              00 00 FF 
              00 00 FF 
              00 00 FF 
              00 00 FF 
              00 00 FF 
              00 00 FF 
              00 00 FF 
              00 00 FF 
              00 00 FF 
              00 00 FF         DCB              0,0,255, 0,0,255, 0,0,255, 0,0,
255, 0,0,255, 0,0,255, 0,0,255, 0,0,255, 0,0,255, 0,0,255, 0,0,255, 0,0,255, 0,
0,255, 0,0,255, 0,0,255, 0,0,255
   67 00000210 FF FF 00 
              FF FF 00 
              FF FF 00 
              FF FF 00 
              FF FF 00 
              FF FF 00 
              FF FF 00 
              FF FF 00 
              FF FF 00 
              FF FF 00 
              FF FF 00 
              FF FF 00 
              FF FF 00 
              FF FF 00 
              FF FF 00 
              FF FF 00         DCB              255,255,0, 255,255,0, 255,255,0
, 255,255,0, 255,255,0, 255,255,0, 255,255,0, 255,255,0, 255,255,0, 255,255,0, 
255,255,0, 255,255,0, 255,255,0, 255,255,0, 255,255,0, 255,255,0
   68 00000240 FF 00 FF 
              FF 00 FF 
              FF 00 FF 
              FF 00 FF 
              FF 00 FF 
              FF 00 FF 
              FF 00 FF 
              FF 00 FF 
              FF 00 FF 
              FF 00 FF 
              FF 00 FF 
              FF 00 FF 
              FF 00 FF 
              FF 00 FF 
              FF 00 FF 
              FF 00 FF         DCB              255,0,255, 255,0,255, 255,0,255



ARM Macro Assembler    Page 6 


, 255,0,255, 255,0,255, 255,0,255, 255,0,255, 255,0,255, 255,0,255, 255,0,255, 
255,0,255, 255,0,255, 255,0,255, 255,0,255, 255,0,255, 255,0,255
   69 00000270 00 FF FF 
              00 FF FF 
              00 FF FF 
              00 FF FF 
              00 FF FF 
              00 FF FF 
              00 FF FF 
              00 FF FF 
              00 FF FF 
              00 FF FF 
              00 FF FF 
              00 FF FF 
              00 FF FF 
              00 FF FF 
              00 FF FF 
              00 FF FF         DCB              0,255,255, 0,255,255, 0,255,255
, 0,255,255, 0,255,255, 0,255,255, 0,255,255, 0,255,255, 0,255,255, 0,255,255, 
0,255,255, 0,255,255, 0,255,255, 0,255,255, 0,255,255, 0,255,255
   70 000002A0 FF FF FF 
              FF FF FF 
              FF FF FF 
              FF FF FF 
              FF FF FF 
              FF FF FF 
              FF FF FF 
              FF FF FF 
              FF FF FF 
              FF FF FF 
              FF FF FF 
              FF FF FF 
              FF FF FF 
              FF FF FF 
              FF FF FF 
              FF FF FF         DCB              255,255,255, 255,255,255, 255,2
55,255, 255,255,255, 255,255,255, 255,255,255, 255,255,255, 255,255,255, 255,25
5,255, 255,255,255, 255,255,255, 255,255,255, 255,255,255, 255,255,255, 255,255
,255, 255,255,255
   71 000002D0 05 05 05 
              05 05 05 
              05 05 05 
              05 05 05 
              05 05 05 
              05 05 05 
              05 05 05 
              05 05 05 
              05 05 05 
              05 05 05 
              05 05 05 
              05 05 05 
              05 05 05 
              05 05 05 
              05 05 05 
              05 05 05         DCB              5,5,5, 5,5,5, 5,5,5, 5,5,5, 5,5
,5, 5,5,5, 5,5,5, 5,5,5, 5,5,5, 5,5,5, 5,5,5, 5,5,5, 5,5,5, 5,5,5, 5,5,5, 5,5,5
   72 00000300         
   73 00000300         
   74 00000300         



ARM Macro Assembler    Page 7 


   75 00000300         
   76 00000300         ;*******************************************************
                       ************************
   77 00000300                 END
Command Line: --debug --xref --diag_suppress=9931 --cpu=Cortex-M3 --apcs=interw
ork --depend=.\objects\mire.d -o.\objects\mire.o -I.\RTE\Device\STM32F107VC -I.
\RTE\_R_el -IC:\Programdata\Keil\Arm\Packs\ARM\CMSIS\5.7.0\CMSIS\Core\Include -
IC:\Programdata\Keil\Arm\Packs\Keil\STM32F1xx_DFP\2.3.0\Device\Include --predef
ine="__EVAL SETA 1" --predefine="__MICROLIB SETA 1" --predefine="__UVISION_VERS
ION SETA 530" --predefine="_RTE_ SETA 1" --predefine="STM32F10X_CL SETA 1" --pr
edefine="_RTE_ SETA 1" --predefine="STM32F10X_CL SETA 1" --list=.\listings\mire
.lst Mire.asm



ARM Macro Assembler    Page 1 Alphabetic symbol ordering
Relocatable symbols

Mire 00000180

Symbol: Mire
   Definitions
      At line 64 in file Mire.asm
   Uses
      At line 45 in file Mire.asm
Comment: Mire used once
Mire2 00000000

Symbol: Mire2
   Definitions
      At line 54 in file Mire.asm
   Uses
      None
Comment: Mire2 unused
mesdonnees 00000000

Symbol: mesdonnees
   Definitions
      At line 52 in file Mire.asm
   Uses
      None
Comment: mesdonnees unused
3 symbols



ARM Macro Assembler    Page 1 Alphabetic symbol ordering
Absolute symbols

Nbsecteurs 00000008

Symbol: Nbsecteurs
   Definitions
      At line 27 in file Mire.asm
   Uses
      At line 46 in file Mire.asm
Comment: Nbsecteurs used once
PuissanceNbSecteur 00000003

Symbol: PuissanceNbSecteur
   Definitions
      At line 28 in file Mire.asm
   Uses
      None
Comment: PuissanceNbSecteur unused
2 symbols



ARM Macro Assembler    Page 1 Alphabetic symbol ordering
External symbols

|Lib$$Request$$armlib| 00000000

Symbol: |Lib$$Request$$armlib|
   Definitions
      At line 38 in file Mire.asm
   Uses
      None
Comment: |Lib$$Request$$armlib| unused
1 symbol
341 symbols in table
